pyenv shell 3.11.8
bhanumaheshb@Bhanus-MacBook-Air-3 AB_AI_AGENT % pyenv shell 3.11.8
bhanumaheshb@Bhanus-MacBook-Air-3 AB_AI_AGENT % cd frontend
bhanumaheshb@Bhanus-MacBook-Air-3 frontend % npm install

added 139 packages, and audited 140 packages in 7s

13 packages are looking for funding
  run `npm fund` for details

2 moderate severity vulnerabilities

To address all issues (including breaking changes), run:
  npm audit fix --force

Run `npm audit` for details.
bhanumaheshb@Bhanus-MacBook-Air-3 frontend % touch frontend/tailwind.config.js
touch: frontend/tailwind.config.js: No such file or directory
bhanumaheshb@Bhanus-MacBook-Air-3 frontend % npm install @heroicons/react
npm install -D tailwindcss postcss autoprefixer

added 1 package, and audited 141 packages in 1s

13 packages are looking for funding
  run `npm fund` for details

2 moderate severity vulnerabilities

To address all issues (including breaking changes), run:
  npm audit fix --force

Run `npm audit` for details.

added 5 packages, and audited 146 packages in 1s

15 packages are looking for funding
  run `npm fund` for details

2 moderate severity vulnerabilities

To address all issues (including breaking changes), run:
  npm audit fix --force

Run `npm audit` for details.
bhanumaheshb@Bhanus-MacBook-Air-3 frontend % npm run dev

> frontend@0.0.0 dev
> vite


  VITE v5.4.21  ready in 239 ms

  ➜  Local:   http://localhost:5173/
  ➜  Network: use --host to expose
  ➜  press h + enter to show help
11:44:07 PM [vite] Pre-transform error: [postcss] It looks like you're trying to use `tailwindcss` directly as a PostCSS plugin. The PostCSS plugin has moved to a separate package, so to continue using Tailwind CSS with PostCSS you'll need to install `@tailwindcss/postcss` and update your PostCSS configuration.
11:44:07 PM [vite] Internal server error: [postcss] It looks like you're trying to use `tailwindcss` directly as a PostCSS plugin. The PostCSS plugin has moved to a separate package, so to continue using Tailwind CSS with PostCSS you'll need to install `@tailwindcss/postcss` and update your PostCSS configuration.
  Plugin: vite:css
  File: /Users/bhanumaheshb/Desktop/AB_AI_AGENT/frontend/src/index.css:undefined:NaN
      at ot (/Users/bhanumaheshb/Desktop/AB_AI_AGENT/frontend/node_modules/tailwindcss/dist/lib.js:38:1629)
      at LazyResult.runOnRoot (/Users/bhanumaheshb/Desktop/AB_AI_AGENT/frontend/node_modules/postcss/lib/lazy-result.js:361:16)
      at LazyResult.runAsync (/Users/bhanumaheshb/Desktop/AB_AI_AGENT/frontend/node_modules/postcss/lib/lazy-result.js:290:26)
      at LazyResult.async (/Users/bhanumaheshb/Desktop/AB_AI_AGENT/frontend/node_modules/postcss/lib/lazy-result.js:192:30)
      at LazyResult.then (/Users/bhanumaheshb/Desktop/AB_AI_AGENT/frontend/node_modules/postcss/lib/lazy-result.js:436:17)
^C
bhanumaheshb@Bhanus-MacBook-Air-3 frontend % npm uninstall tailwindcss

added 44 packages, removed 1 package, and audited 145 packages in 716ms

15 packages are looking for funding
  run `npm fund` for details

2 moderate severity vulnerabilities

To address all issues (including breaking changes), run:
  npm audit fix --force

Run `npm audit` for details.
bhanumaheshb@Bhanus-MacBook-Air-3 frontend % npm install -D tailwindcss@^3

added 99 packages, and audited 244 packages in 3s

41 packages are looking for funding
  run `npm fund` for details

2 moderate severity vulnerabilities

To address all issues (including breaking changes), run:
  npm audit fix --force

Run `npm audit` for details.
bhanumaheshb@Bhanus-MacBook-Air-3 frontend % npm run dev

> frontend@0.0.0 dev
> vite

Re-optimizing dependencies because lockfile has changed

  VITE v5.4.21  ready in 331 ms

  ➜  Local:   http://localhost:5173/
  ➜  Network: use --host to expose
  ➜  press h + enter to show help
1:06:20 AM [vite] page reload src/main.jsx
1:06:30 AM [vite] page reload src/main.jsx (x2)
1:06:33 AM [vite] page reload src/main.jsx (x3)
1:06:34 AM [vite] Pre-transform error: /Users/bhanumaheshb/Desktop/AB_AI_AGENT/frontend/src/main.jsx: Unterminated string constant. (5:29)

  3 | import App from './App';
  4 | import { BrowserRouter } from 'react-router-dom';
> 5 | import { AuthProvider } from './context/AuthContext
    |                              ^
  6 | import './index.css';
  7 |
  8 | const rootElement = document.getElementById('root');
1:06:34 AM [vite] Internal server error: /Users/bhanumaheshb/Desktop/AB_AI_AGENT/frontend/src/main.jsx: Unterminated string constant. (5:29)

  3 | import App from './App';
  4 | import { BrowserRouter } from 'react-router-dom';
> 5 | import { AuthProvider } from './context/AuthContext
    |                              ^
  6 | import './index.css';
  7 |
  8 | const rootElement = document.getElementById('root');
  Plugin: vite:react-babel
  File: /Users/bhanumaheshb/Desktop/AB_AI_AGENT/frontend/src/main.jsx:5:29
  3  |  import App from './App';
  4  |  import { BrowserRouter } from 'react-router-dom';
  5  |  import { AuthProvider } from './context/AuthContext
     |                               ^
  6  |  import './index.css';
  7  |  
      at constructor (/Users/bhanumaheshb/Desktop/AB_AI_AGENT/frontend/node_modules/@babel/parser/lib/index.js:367:19)
      at JSXParserMixin.raise (/Users/bhanumaheshb/Desktop/AB_AI_AGENT/frontend/node_modules/@babel/parser/lib/index.js:6624:19)
      at Object.unterminated (/Users/bhanumaheshb/Desktop/AB_AI_AGENT/frontend/node_modules/@babel/parser/lib/index.js:5689:20)
      at readStringContents (/Users/bhanumaheshb/Desktop/AB_AI_AGENT/frontend/node_modules/@babel/parser/lib/index.js:5431:16)
      at JSXParserMixin.readString (/Users/bhanumaheshb/Desktop/AB_AI_AGENT/frontend/node_modules/@babel/parser/lib/index.js:6523:9)
      at JSXParserMixin.getTokenFromCode (/Users/bhanumaheshb/Desktop/AB_AI_AGENT/frontend/node_modules/@babel/parser/lib/index.js:6283:14)
      at JSXParserMixin.getTokenFromCode (/Users/bhanumaheshb/Desktop/AB_AI_AGENT/frontend/node_modules/@babel/parser/lib/index.js:4826:11)
      at JSXParserMixin.nextToken (/Users/bhanumaheshb/Desktop/AB_AI_AGENT/frontend/node_modules/@babel/parser/lib/index.js:5807:10)
      at JSXParserMixin.next (/Users/bhanumaheshb/Desktop/AB_AI_AGENT/frontend/node_modules/@babel/parser/lib/index.js:5717:10)
      at JSXParserMixin.eatContextual (/Users/bhanumaheshb/Desktop/AB_AI_AGENT/frontend/node_modules/@babel/parser/lib/index.js:6893:12)
      at JSXParserMixin.expectContextual (/Users/bhanumaheshb/Desktop/AB_AI_AGENT/frontend/node_modules/@babel/parser/lib/index.js:6899:15)
      at JSXParserMixin.parseImportSpecifiersAndAfter (/Users/bhanumaheshb/Desktop/AB_AI_AGENT/frontend/node_modules/@babel/parser/lib/index.js:14319:10)
      at JSXParserMixin.parseImport (/Users/bhanumaheshb/Desktop/AB_AI_AGENT/frontend/node_modules/@babel/parser/lib/index.js:14311:17)
      at JSXParserMixin.parseStatementContent (/Users/bhanumaheshb/Desktop/AB_AI_AGENT/frontend/node_modules/@babel/parser/lib/index.js:12952:27)
      at JSXParserMixin.parseStatementLike (/Users/bhanumaheshb/Desktop/AB_AI_AGENT/frontend/node_modules/@babel/parser/lib/index.js:12843:17)
      at JSXParserMixin.parseModuleItem (/Users/bhanumaheshb/Desktop/AB_AI_AGENT/frontend/node_modules/@babel/parser/lib/index.js:12820:17)
      at JSXParserMixin.parseBlockOrModuleBlockBody (/Users/bhanumaheshb/Desktop/AB_AI_AGENT/frontend/node_modules/@babel/parser/lib/index.js:13392:36)
      at JSXParserMixin.parseBlockBody (/Users/bhanumaheshb/Desktop/AB_AI_AGENT/frontend/node_modules/@babel/parser/lib/index.js:13385:10)
      at JSXParserMixin.parseProgram (/Users/bhanumaheshb/Desktop/AB_AI_AGENT/frontend/node_modules/@babel/parser/lib/index.js:12698:10)
      at JSXParserMixin.parseTopLevel (/Users/bhanumaheshb/Desktop/AB_AI_AGENT/frontend/node_modules/@babel/parser/lib/index.js:12688:25)
      at JSXParserMixin.parse (/Users/bhanumaheshb/Desktop/AB_AI_AGENT/frontend/node_modules/@babel/parser/lib/index.js:14568:25)
      at parse (/Users/bhanumaheshb/Desktop/AB_AI_AGENT/frontend/node_modules/@babel/parser/lib/index.js:14602:38)
      at parser (/Users/bhanumaheshb/Desktop/AB_AI_AGENT/frontend/node_modules/@babel/core/lib/parser/index.js:41:34)
      at parser.next (<anonymous>)
      at normalizeFile (/Users/bhanumaheshb/Desktop/AB_AI_AGENT/frontend/node_modules/@babel/core/lib/transformation/normalize-file.js:64:37)
      at normalizeFile.next (<anonymous>)
      at run (/Users/bhanumaheshb/Desktop/AB_AI_AGENT/frontend/node_modules/@babel/core/lib/transformation/index.js:22:50)
      at run.next (<anonymous>)
      at transform (/Users/bhanumaheshb/Desktop/AB_AI_AGENT/frontend/node_modules/@babel/core/lib/transform.js:22:33)
      at transform.next (<anonymous>)
      at step (/Users/bhanumaheshb/Desktop/AB_AI_AGENT/frontend/node_modules/gensync/index.js:261:32)
      at /Users/bhanumaheshb/Desktop/AB_AI_AGENT/frontend/node_modules/gensync/index.js:273:13
      at async.call.result.err.err (/Users/bhanumaheshb/Desktop/AB_AI_AGENT/frontend/node_modules/gensync/index.js:223:11)
      at /Users/bhanumaheshb/Desktop/AB_AI_AGENT/frontend/node_modules/gensync/index.js:189:28
      at /Users/bhanumaheshb/Desktop/AB_AI_AGENT/frontend/node_modules/@babel/core/lib/gensync-utils/async.js:67:7
      at /Users/bhanumaheshb/Desktop/AB_AI_AGENT/frontend/node_modules/gensync/index.js:113:33
      at step (/Users/bhanumaheshb/Desktop/AB_AI_AGENT/frontend/node_modules/gensync/index.js:287:14)
      at /Users/bhanumaheshb/Desktop/AB_AI_AGENT/frontend/node_modules/gensync/index.js:273:13
      at async.call.result.err.err (/Users/bhanumaheshb/Desktop/AB_AI_AGENT/frontend/node_modules/gensync/index.js:223:11)
1:06:38 AM [vite] page reload src/main.jsx
1:07:06 AM [vite] page reload src/main.jsx (x2)
1:07:19 AM [vite] page reload src/main.jsx (x3)
1:07:20 AM [vite] Pre-transform error: /Users/bhanumaheshb/Desktop/AB_AI_AGENT/frontend/src/main.jsx: Expected corresponding JSX closing tag for <AuthProvider>. (20:4)

  18 |     <AuthProvider>
  19 |       <App />
> 20 |     </BrowserRouter>
     |     ^
  21 |   </React.StrictMode>
  22 | );
1:07:20 AM [vite] Internal server error: /Users/bhanumaheshb/Desktop/AB_AI_AGENT/frontend/src/main.jsx: Expected corresponding JSX closing tag for <AuthProvider>. (20:4)

  18 |     <AuthProvider>
  19 |       <App />
> 20 |     </BrowserRouter>
     |     ^
  21 |   </React.StrictMode>
  22 | );
  Plugin: vite:react-babel
  File: /Users/bhanumaheshb/Desktop/AB_AI_AGENT/frontend/src/main.jsx:20:4
  18 |      <AuthProvider>
  19 |        <App />
  20 |      </BrowserRouter>
     |      ^
  21 |    </React.StrictMode>
  22 |  );
      at constructor (/Users/bhanumaheshb/Desktop/AB_AI_AGENT/frontend/node_modules/@babel/parser/lib/index.js:367:19)
      at JSXParserMixin.raise (/Users/bhanumaheshb/Desktop/AB_AI_AGENT/frontend/node_modules/@babel/parser/lib/index.js:6624:19)
      at JSXParserMixin.jsxParseElementAt (/Users/bhanumaheshb/Desktop/AB_AI_AGENT/frontend/node_modules/@babel/parser/lib/index.js:4756:16)
      at JSXParserMixin.jsxParseElementAt (/Users/bhanumaheshb/Desktop/AB_AI_AGENT/frontend/node_modules/@babel/parser/lib/index.js:4727:32)
      at JSXParserMixin.jsxParseElementAt (/Users/bhanumaheshb/Desktop/AB_AI_AGENT/frontend/node_modules/@babel/parser/lib/index.js:4727:32)
      at JSXParserMixin.jsxParseElement (/Users/bhanumaheshb/Desktop/AB_AI_AGENT/frontend/node_modules/@babel/parser/lib/index.js:4778:17)
      at JSXParserMixin.parseExprAtom (/Users/bhanumaheshb/Desktop/AB_AI_AGENT/frontend/node_modules/@babel/parser/lib/index.js:4788:19)
      at JSXParserMixin.parseExprSubscripts (/Users/bhanumaheshb/Desktop/AB_AI_AGENT/frontend/node_modules/@babel/parser/lib/index.js:11145:23)
      at JSXParserMixin.parseUpdate (/Users/bhanumaheshb/Desktop/AB_AI_AGENT/frontend/node_modules/@babel/parser/lib/index.js:11130:21)
      at JSXParserMixin.parseMaybeUnary (/Users/bhanumaheshb/Desktop/AB_AI_AGENT/frontend/node_modules/@babel/parser/lib/index.js:11110:23)
      at JSXParserMixin.parseMaybeUnaryOrPrivate (/Users/bhanumaheshb/Desktop/AB_AI_AGENT/frontend/node_modules/@babel/parser/lib/index.js:10963:61)
      at JSXParserMixin.parseExprOps (/Users/bhanumaheshb/Desktop/AB_AI_AGENT/frontend/node_modules/@babel/parser/lib/index.js:10968:23)
      at JSXParserMixin.parseMaybeConditional (/Users/bhanumaheshb/Desktop/AB_AI_AGENT/frontend/node_modules/@babel/parser/lib/index.js:10945:23)
      at JSXParserMixin.parseMaybeAssign (/Users/bhanumaheshb/Desktop/AB_AI_AGENT/frontend/node_modules/@babel/parser/lib/index.js:10895:21)
      at /Users/bhanumaheshb/Desktop/AB_AI_AGENT/frontend/node_modules/@babel/parser/lib/index.js:10864:39
      at JSXParserMixin.allowInAnd (/Users/bhanumaheshb/Desktop/AB_AI_AGENT/frontend/node_modules/@babel/parser/lib/index.js:12500:12)
      at JSXParserMixin.parseMaybeAssignAllowIn (/Users/bhanumaheshb/Desktop/AB_AI_AGENT/frontend/node_modules/@babel/parser/lib/index.js:10864:17)
      at JSXParserMixin.parseMaybeAssignAllowInOrVoidPattern (/Users/bhanumaheshb/Desktop/AB_AI_AGENT/frontend/node_modules/@babel/parser/lib/index.js:12567:17)
      at JSXParserMixin.parseExprListItem (/Users/bhanumaheshb/Desktop/AB_AI_AGENT/frontend/node_modules/@babel/parser/lib/index.js:12249:18)
      at JSXParserMixin.parseCallExpressionArguments (/Users/bhanumaheshb/Desktop/AB_AI_AGENT/frontend/node_modules/@babel/parser/lib/index.js:11316:22)
      at JSXParserMixin.parseCoverCallAndAsyncArrowHead (/Users/bhanumaheshb/Desktop/AB_AI_AGENT/frontend/node_modules/@babel/parser/lib/index.js:11250:29)
      at JSXParserMixin.parseSubscript (/Users/bhanumaheshb/Desktop/AB_AI_AGENT/frontend/node_modules/@babel/parser/lib/index.js:11184:19)
      at JSXParserMixin.parseSubscripts (/Users/bhanumaheshb/Desktop/AB_AI_AGENT/frontend/node_modules/@babel/parser/lib/index.js:11158:19)
      at JSXParserMixin.parseExprSubscripts (/Users/bhanumaheshb/Desktop/AB_AI_AGENT/frontend/node_modules/@babel/parser/lib/index.js:11149:17)
      at JSXParserMixin.parseUpdate (/Users/bhanumaheshb/Desktop/AB_AI_AGENT/frontend/node_modules/@babel/parser/lib/index.js:11130:21)
      at JSXParserMixin.parseMaybeUnary (/Users/bhanumaheshb/Desktop/AB_AI_AGENT/frontend/node_modules/@babel/parser/lib/index.js:11110:23)
      at JSXParserMixin.parseMaybeUnaryOrPrivate (/Users/bhanumaheshb/Desktop/AB_AI_AGENT/frontend/node_modules/@babel/parser/lib/index.js:10963:61)
      at JSXParserMixin.parseExprOps (/Users/bhanumaheshb/Desktop/AB_AI_AGENT/frontend/node_modules/@babel/parser/lib/index.js:10968:23)
      at JSXParserMixin.parseMaybeConditional (/Users/bhanumaheshb/Desktop/AB_AI_AGENT/frontend/node_modules/@babel/parser/lib/index.js:10945:23)
      at JSXParserMixin.parseMaybeAssign (/Users/bhanumaheshb/Desktop/AB_AI_AGENT/frontend/node_modules/@babel/parser/lib/index.js:10895:21)
      at JSXParserMixin.parseExpressionBase (/Users/bhanumaheshb/Desktop/AB_AI_AGENT/frontend/node_modules/@babel/parser/lib/index.js:10848:23)
      at /Users/bhanumaheshb/Desktop/AB_AI_AGENT/frontend/node_modules/@babel/parser/lib/index.js:10844:39
      at JSXParserMixin.allowInAnd (/Users/bhanumaheshb/Desktop/AB_AI_AGENT/frontend/node_modules/@babel/parser/lib/index.js:12495:16)
      at JSXParserMixin.parseExpression (/Users/bhanumaheshb/Desktop/AB_AI_AGENT/frontend/node_modules/@babel/parser/lib/index.js:10844:17)
      at JSXParserMixin.parseStatementContent (/Users/bhanumaheshb/Desktop/AB_AI_AGENT/frontend/node_modules/@babel/parser/lib/index.js:12971:23)
      at JSXParserMixin.parseStatementLike (/Users/bhanumaheshb/Desktop/AB_AI_AGENT/frontend/node_modules/@babel/parser/lib/index.js:12843:17)
      at JSXParserMixin.parseModuleItem (/Users/bhanumaheshb/Desktop/AB_AI_AGENT/frontend/node_modules/@babel/parser/lib/index.js:12820:17)
      at JSXParserMixin.parseBlockOrModuleBlockBody (/Users/bhanumaheshb/Desktop/AB_AI_AGENT/frontend/node_modules/@babel/parser/lib/index.js:13392:36)
      at JSXParserMixin.parseBlockBody (/Users/bhanumaheshb/Desktop/AB_AI_AGENT/frontend/node_modules/@babel/parser/lib/index.js:13385:10)
      at JSXParserMixin.parseProgram (/Users/bhanumaheshb/Desktop/AB_AI_AGENT/frontend/node_modules/@babel/parser/lib/index.js:12698:10)
      at JSXParserMixin.parseTopLevel (/Users/bhanumaheshb/Desktop/AB_AI_AGENT/frontend/node_modules/@babel/parser/lib/index.js:12688:25)
      at JSXParserMixin.parse (/Users/bhanumaheshb/Desktop/AB_AI_AGENT/frontend/node_modules/@babel/parser/lib/index.js:14568:25)
      at parse (/Users/bhanumaheshb/Desktop/AB_AI_AGENT/frontend/node_modules/@babel/parser/lib/index.js:14602:38)
      at parser (/Users/bhanumaheshb/Desktop/AB_AI_AGENT/frontend/node_modules/@babel/core/lib/parser/index.js:41:34)
      at parser.next (<anonymous>)
      at normalizeFile (/Users/bhanumaheshb/Desktop/AB_AI_AGENT/frontend/node_modules/@babel/core/lib/transformation/normalize-file.js:64:37)
      at normalizeFile.next (<anonymous>)
      at run (/Users/bhanumaheshb/Desktop/AB_AI_AGENT/frontend/node_modules/@babel/core/lib/transformation/index.js:22:50)
      at run.next (<anonymous>)
      at transform (/Users/bhanumaheshb/Desktop/AB_AI_AGENT/frontend/node_modules/@babel/core/lib/transform.js:22:33)
1:07:28 AM [vite] page reload src/main.jsx
1:07:44 AM [vite] page reload src/main.jsx (x2)
1:07:53 AM [vite] page reload src/main.jsx (x3)
1:09:05 AM [vite] hmr update /src/index.css, /src/pages/Dashboard.jsx, /src/pages/CreateExperiment.jsx, /src/context/AuthContext.jsx
1:09:05 AM [vite] hmr invalidate /src/context/AuthContext.jsx Could not Fast Refresh ("useAuth" export is incompatible). Learn more at https://github.com/vitejs/vite-plugin-react/tree/main/packages/plugin-react#consistent-components-exports
1:09:05 AM [vite] page reload src/context/AuthContext.jsx
1:09:05 AM [vite] hmr update /src/index.css, /src/pages/Dashboard.jsx, /src/pages/CreateExperiment.jsx, /src/context/AuthContext.jsx
1:09:05 AM [vite] hmr invalidate /src/context/AuthContext.jsx Could not Fast Refresh ("useAuth" export is incompatible). Learn more at https://github.com/vitejs/vite-plugin-react/tree/main/packages/plugin-react#consistent-components-exports
1:09:05 AM [vite] page reload src/context/AuthContext.jsx
1:13:27 AM [vite] hmr update /src/App.jsx, /src/index.css
1:13:55 AM [vite] hmr update /src/App.jsx, /src/index.css (x2)
1:13:55 AM [vite] hmr update /src/App.jsx, /src/index.css (x3)
1:13:55 AM [vite] hmr update /src/App.jsx, /src/index.css (x4)
1:14:05 AM [vite] hmr update /src/pages/Dashboard.jsx, /src/index.css
1:14:06 AM [vite] hmr update /src/pages/Dashboard.jsx, /src/index.css (x2)
1:14:06 AM [vite] hmr update /src/pages/Dashboard.jsx, /src/index.css (x3)
1:14:20 AM [vite] hmr update /src/pages/CreateExperiment.jsx, /src/index.css
1:14:20 AM [vite] hmr update /src/pages/CreateExperiment.jsx, /src/index.css (x2)
^C
bhanumaheshb@Bhanus-MacBook-Air-3 frontend % npm run dev

> frontend@0.0.0 dev
> vite


  VITE v5.4.21  ready in 213 ms

  ➜  Local:   http://localhost:5173/
  ➜  Network: use --host to expose
  ➜  press h + enter to show help
^C
bhanumaheshb@Bhanus-MacBook-Air-3 frontend % npm run dev

> frontend@0.0.0 dev
> vite


  VITE v5.4.21  ready in 147 ms

  ➜  Local:   http://localhost:5173/
  ➜  Network: use --host to expose
  ➜  press h + enter to show help
1:20:06 AM [vite] page reload src/main.jsx
^C
bhanumaheshb@Bhanus-MacBook-Air-3 frontend % npm run dev

> frontend@0.0.0 dev
> vite


  VITE v5.4.21  ready in 149 ms

  ➜  Local:   http://localhost:5173/
  ➜  Network: use --host to expose
  ➜  press h + enter to show help
1:30:24 AM [vite] hmr update /src/context/AuthContext.jsx, /src/index.css, /src/pages/ProjectsPage.jsx, /src/pages/Dashboard.jsx, /src/pages/CreateExperiment.jsx
1:30:24 AM [vite] hmr invalidate /src/context/AuthContext.jsx Could not Fast Refresh ("useAuth" export is incompatible). Learn more at https://github.com/vitejs/vite-plugin-react/tree/main/packages/plugin-react#consistent-components-exports
1:30:24 AM [vite] page reload src/context/AuthContext.jsx
1:30:26 AM [vite] hmr update /src/context/AuthContext.jsx, /src/index.css, /src/pages/ProjectsPage.jsx, /src/pages/Dashboard.jsx, /src/pages/CreateExperiment.jsx
1:30:26 AM [vite] hmr invalidate /src/context/AuthContext.jsx Could not Fast Refresh ("useAuth" export is incompatible). Learn more at https://github.com/vitejs/vite-plugin-react/tree/main/packages/plugin-react#consistent-components-exports
1:30:26 AM [vite] page reload src/context/AuthContext.jsx
1:30:26 AM [vite] hmr update /src/context/AuthContext.jsx, /src/index.css, /src/pages/ProjectsPage.jsx, /src/pages/Dashboard.jsx, /src/pages/CreateExperiment.jsx
1:30:26 AM [vite] hmr invalidate /src/context/AuthContext.jsx Could not Fast Refresh ("useAuth" export is incompatible). Learn more at https://github.com/vitejs/vite-plugin-react/tree/main/packages/plugin-react#consistent-components-exports
1:30:26 AM [vite] page reload src/context/AuthContext.jsx
1:30:26 AM [vite] hmr update /src/context/AuthContext.jsx, /src/index.css, /src/pages/ProjectsPage.jsx, /src/pages/Dashboard.jsx, /src/pages/CreateExperiment.jsx
1:30:26 AM [vite] hmr invalidate /src/context/AuthContext.jsx Could not Fast Refresh ("useAuth" export is incompatible). Learn more at https://github.com/vitejs/vite-plugin-react/tree/main/packages/plugin-react#consistent-components-exports
1:30:26 AM [vite] page reload src/context/AuthContext.jsx
1:30:26 AM [vite] hmr update /src/context/AuthContext.jsx, /src/index.css, /src/pages/ProjectsPage.jsx, /src/pages/Dashboard.jsx, /src/pages/CreateExperiment.jsx
1:30:26 AM [vite] hmr invalidate /src/context/AuthContext.jsx Could not Fast Refresh ("useAuth" export is incompatible). Learn more at https://github.com/vitejs/vite-plugin-react/tree/main/packages/plugin-react#consistent-components-exports
1:30:26 AM [vite] page reload src/context/AuthContext.jsx
1:30:26 AM [vite] hmr update /src/context/AuthContext.jsx, /src/index.css, /src/pages/ProjectsPage.jsx, /src/pages/Dashboard.jsx, /src/pages/CreateExperiment.jsx
1:30:26 AM [vite] hmr invalidate /src/context/AuthContext.jsx Could not Fast Refresh ("useAuth" export is incompatible). Learn more at https://github.com/vitejs/vite-plugin-react/tree/main/packages/plugin-react#consistent-components-exports
1:30:26 AM [vite] page reload src/context/AuthContext.jsx
1:32:33 AM [vite] hmr update /src/context/AuthContext.jsx, /src/index.css
1:32:33 AM [vite] hmr invalidate /src/context/AuthContext.jsx Could not Fast Refresh (export removed)
1:32:33 AM [vite] page reload src/context/AuthContext.jsx
1:33:02 AM [vite] hmr update /src/context/AuthContext.jsx, /src/index.css
1:33:12 AM [vite] hmr update /src/context/AuthContext.jsx, /src/index.css (x2)
1:36:17 AM [vite] hmr update /src/pages/LoginPage.jsx, /src/index.css
1:36:34 AM [vite] hmr update /src/pages/LoginPage.jsx, /src/index.css (x2)
1:37:53 AM [vite] hmr update /src/pages/SignupPage.jsx, /src/index.css
1:38:26 AM [vite] hmr update /src/pages/SignupPage.jsx, /src/index.css (x2)
1:39:15 AM [vite] hmr update /src/components/ProtectedRoute.jsx, /src/index.css
1:39:32 AM [vite] hmr update /src/components/ProtectedRoute.jsx, /src/index.css (x2)
1:39:35 AM [vite] hmr update /src/components/ProtectedRoute.jsx, /src/index.css (x3)
1:42:05 AM [vite] hmr update /src/App.jsx, /src/index.css
^C
bhanumaheshb@Bhanus-MacBook-Air-3 frontend % npm run dev

> frontend@0.0.0 dev
> vite


  VITE v5.4.21  ready in 231 ms

  ➜  Local:   http://localhost:5173/
  ➜  Network: use --host to expose
  ➜  press h + enter to show help















